// Jest Snapshot v1, https://goo.gl/fbAQLP

exports[`<Input /> should render correctly 1`] = `
.c2 {
  position: absolute;
  right: 10px;
  visibility: visible;
  color: hsl(13,100%,40%);
}

.c1 {
  position: relative;
  display: -webkit-box;
  display: -webkit-flex;
  display: -ms-flexbox;
  display: flex;
  -webkit-align-items: center;
  -webkit-box-align: center;
  -ms-flex-align: center;
  align-items: center;
  height: 36px;
  margin-top: 8px;
}

.c1 input {
  padding-right: 32px;
  padding-left: 12px;
  width: 100%;
  line-height: 36px;
  box-shadow: none;
  background-color: hsl(0,0%,100%);
  border: 1px solid hsl(0,0%,45%);
  border-radius: 2px;
  height: 36px;
  box-sizing: border-box;
}

.c1 input::-webkit-input-placeholder {
  color: hsl(0,0%,45%);
}

.c1 input::-moz-placeholder {
  color: hsl(0,0%,45%);
}

.c1 input:-moz-placeholder {
  color: hsl(0,0%,45%);
}

.c1 input:-ms-input-placeholder {
  color: hsl(0,0%,45%);
}

.c1 input::-webkit-input-placeholder {
  opacity: 1;
}

.c1 input::-moz-placeholder {
  opacity: 1;
}

.c1 input:-moz-placeholder {
  opacity: 1;
}

.c1 input:-ms-input-placeholder {
  opacity: 1;
}

.c1 input:disabled {
  background-color: hsl(0,0%,96%);
}

.c1 input:disabled::-webkit-input-placeholder {
  opacity: 0.5;
}

.c1 input:disabled::-moz-placeholder {
  opacity: 0.5;
}

.c1 input:disabled:-moz-placeholder {
  opacity: 0.5;
}

.c1 input:disabled:-ms-input-placeholder {
  opacity: 0.5;
}

.c3 {
  display: block;
  padding-left: 8px;
  margin-top: 8px;
  font-size: 14px;
  text-align: left;
  color: hsl(13,100%,40%);
  visibility: visible;
}

.c0 {
  padding: 8px;
}

<Component
  theme={
    Object {
      "atoms": Object {
        "Alert": Object {
          "error": Object {
            "background": "hsl(13, 100%, 40%)",
            "color": "hsl(0, 0%, 100%)",
          },
          "info": Object {
            "background": "hsl(191, 100%, 40%)",
            "color": "hsl(0, 0%, 100%)",
          },
          "success": Object {
            "background": "hsl(161, 54%, 48%)",
            "color": "hsl(0, 0%, 100%)",
          },
          "warning": Object {
            "background": "hsl(46, 69%, 49%)",
            "color": "hsl(0, 0%, 100%)",
          },
        },
        "Button": Object {
          "danger": Object {
            "background": "hsl(13, 100%, 40%)",
            "color": "hsl(0, 0%, 100%)",
            "hoverBackground": "hsl(13, 100%, 35%)",
            "hoverColor": "hsl(0, 0%, 100%)",
          },
          "default": Object {
            "background": "hsl(0, 0%, 100%)",
            "color": "hsl(0, 0%, 10%)",
            "hoverBackground": "hsl(0, 0%, 96%)",
            "hoverColor": "hsl(240, 20%, 30%)",
          },
          "disabled": Object {
            "background": "hsl(0, 0%, 96%)",
            "color": "hsl(0, 0%, 45%)",
            "hoverBackground": "hsl(0, 0%, 96%)",
            "hoverColor": "hsl(0, 0%, 45%)",
          },
          "primary": Object {
            "background": "hsl(191, 100%, 35%)",
            "color": "hsl(0, 0%, 100%)",
            "hoverBackground": "hsl(191, 100%, 30%)",
            "hoverColor": "hsl(0, 0%, 100%)",
          },
        },
      },
      "borderRadius": Object {
        "circle": "50%",
        "none": "0",
        "soft": "2px",
      },
      "boxShadow": Object {
        "heavy": "0 10px 20px rgba(0,0,0,0.19), 0 6px 6px rgba(0,0,0,0.23)",
        "light": "0 1px 3px rgba(0,0,0,0.12), 0 1px 2px rgba(0,0,0,0.24)",
        "none": "none",
        "selected": "0px 0px 2px 2px hsl(240, 20%, 60%)",
      },
      "colors": Object {
        "black": "hsl(0, 0%, 10%)",
        "blue200": "hsl(191, 100%, 80%)",
        "blue400": "hsl(191, 100%, 50%)",
        "blue50": "hsl(191, 100%, 97%)",
        "blue600": "hsl(191, 100%, 40%)",
        "blue700": "hsl(191, 100%, 35%)",
        "blue800": "hsl(191, 100%, 30%)",
        "graphThemes": Object {
          "blue": Array [
            "#c7e9b4",
            "#7ecdbb",
            "#1eb5eb",
            "#1d91bf",
            "#235fa9",
            "#253393",
            "#084181",
          ],
          "mixed": Array [
            "#c7e9b4",
            "#c1d4e7",
            "#7ecdbb",
            "#9fbddb",
            "#1eb5eb",
            "#8d95c6",
            "#1d91bf",
            "#8282ab",
            "#235fa9",
            "#89429e",
            "#253393",
            "#800f7a",
            "#084181",
            "#0b0533",
          ],
          "purple": Array [
            "#c1d4e7",
            "#9fbddb",
            "#8d95c6",
            "#8282ab",
            "#89429e",
            "#800f7a",
            "#0b0533",
          ],
        },
        "gray100": "hsl(0, 0%, 90%)",
        "gray200": "hsl(0, 0%, 80%)",
        "gray50": "hsl(0, 0%, 96%)",
        "gray600": "hsl(0, 0%, 45%)",
        "green500": "hsl(161, 54%, 48%)",
        "orange500": "hsl(13, 100%, 50%)",
        "orange600": "hsl(13, 100%, 40%)",
        "orange700": "hsl(13, 100%, 35%)",
        "orange800": "hsl(13, 100%, 30%)",
        "promQL": Object {
          "attrName": "#00a4db",
          "comment": "#bbbbbb",
          "deleted": "#9a050f",
          "entity": "#36acaa",
          "function": "#dc322f",
          "metricName": "#2aa198",
          "punctuation": "#393a34",
          "salmon": "#ff7c7c",
          "string": "#e3116c",
          "tag": "#00009f",
        },
        "purple100": "hsl(240, 20%, 90%)",
        "purple200": "hsl(240, 20%, 75%)",
        "purple25": "hsl(240, 20%, 98%)",
        "purple300": "hsl(240, 20%, 65%)",
        "purple400": "hsl(240, 20%, 60%)",
        "purple50": "hsl(240, 20%, 95%)",
        "purple500": "hsl(240, 20%, 50%)",
        "purple600": "hsl(240, 20%, 45%)",
        "purple700": "hsl(240, 20%, 35%)",
        "purple800": "hsl(240, 20%, 30%)",
        "purple900": "hsl(240, 20%, 25%)",
        "thirdParty": Object {
          "azure": "#3769bb",
          "cornflowerBlue": "#4285f4",
        },
        "white": "hsl(0, 0%, 100%)",
        "yellow500": "hsl(46, 69%, 49%)",
      },
      "fontFamilies": Object {
        "monospace": "'Roboto Mono', monospace",
        "regular": "'proxima-nova', Helvetica, Arial, sans-serif",
      },
      "fontSizes": Object {
        "extraLarge": "32px",
        "huge": "48px",
        "large": "22px",
        "normal": "16px",
        "small": "14px",
        "tiny": "12px",
      },
      "layers": Object {
        "alert": 3,
        "dropdown": 5,
        "front": 1,
        "modal": 7,
        "notification": 4,
        "toolbar": 2,
        "tooltip": 6,
      },
      "overlayIconSize": "300px",
      "spacing": Object {
        "base": "16px",
        "large": "32px",
        "medium": "24px",
        "none": "0",
        "small": "12px",
        "xl": "48px",
        "xs": "8px",
        "xxl": "64px",
        "xxs": "4px",
      },
      "textColor": "hsl(0, 0%, 10%)",
    }
  }
>
  <Input
    label="Hi"
    message="Doh!"
    onChange={[MockFunction]}
    valid={false}
  >
    <Input
      autoSelectText={false}
      className="c0"
      focus={false}
      hideValidationMessage={false}
      inputRef={[Function]}
      label="Hi"
      message="Doh!"
      onChange={[MockFunction]}
      textarea={false}
      valid={false}
    >
      <div
        className="c0"
      >
        <label>
          Hi
        </label>
        <Input__InputWrapper
          hasLabel={true}
          valid={false}
        >
          <div
            className="c1"
          >
            <input
              onChange={[MockFunction]}
            />
            <Input__Icon
              className="fa fa-times-circle"
              visible={true}
            >
              <i
                className="c2 fa fa-times-circle"
              />
            </Input__Icon>
          </div>
        </Input__InputWrapper>
        <Input__ValidationMessage
          remove={false}
          valid={false}
          visible={true}
        >
          <span
            className="c3"
          >
            Doh!
          </span>
        </Input__ValidationMessage>
      </div>
    </Input>
  </Input>
</Component>
`;
